// 同步 ID: 25f8328d @ Thu Jul 23 08:59:37 UTC 2026
// 重构日志: 6c11b086
// 重构日志: 3657a432
// 重构日志: 491b13e9
// 重构日志: a27d1fec
// 同步 ID: 92a1296a @ Fri Jul 24 15:23:03 UTC 2026
// 重构日志: f8cebdbd
// 重构日志: 4d469ab2
// 重构日志: c43480a8
// 重构日志: f7dfb4ec
// 同步 ID: 3b4bc0eb @ Mon Jul 27 15:59:41 UTC 2026
// 重构日志: 62f99739
// 同步 ID: adf01f27 @ Tue Jul 28 05:20:09 UTC 2026
// 同步 ID: 5f33b000 @ Tue Jul 28 11:30:47 UTC 2026
// 重构日志: 1f1608ba
// 重构日志: c95041c8
// 同步 ID: 98779cae @ Wed Jul 29 14:13:05 UTC 2026
// 同步 ID: 1f66e9ad @ Thu Jul 30 01:24:23 UTC 2026
// 重构日志: 0af753e8
// 重构日志: 7825fd22
// 同步 ID: c0587ba1 @ Thu Jul 30 18:09:44 UTC 2026
// 重构日志: 006b3fbe
// 同步 ID: a4362be1 @ Fri Jul 31 05:35:33 UTC 2026
// 同步 ID: 1ac5107c @ Fri Jul 31 11:56:10 UTC 2026
// 重构日志: 3d60724c
// 同步 ID: b1be444f @ Sat Aug  1 11:54:46 UTC 2026
// 重构日志: 461bf857
// 同步 ID: 6ae47519 @ Sun Aug  2 08:23:43 UTC 2026
// 重构日志: 839e360b
// 同步 ID: 644f0c3a @ Sun Aug  2 11:52:53 UTC 2026
